
Segment List
------------

e:\idrive\ca-labcourse2\example1\main-ex1.asm[1]    6-    9         0 -       14                 'ram0'  [void]
e:\idrive\ca-labcourse2\example1\main-ex1.asm[2]   10-   79      8080 -     80DD                 'rom'  [textdata]
e:\idrive\ca-labcourse2\example1\main-ex1.asm[3]   80-  113      8000 -     807F                 'vectit'  [data]
e:\idrive\ca-labcourse2\stm8s105c6.asm[2]   16-  331      5000 -     7F76                 'periph2'  [void] <c:\program files (x86)\stmicroelectronics\st_toolset\asm\include\STM8S105C_S.asm>


Class List
----------

0 '        ram0'   byte from        0 to       14 (lim       FF) =  7% D
0 '        ram1'   byte from      100 to       FF (lim      5FF) =  0% V
0 '       stack'   byte from      600 to      5FF (lim      7FF) =  0% V
0 '      eeprom'   byte from     4000 to     3FFF (lim     43FF) =  0% V
0 '         rom'   byte from     8080 to     80DD (lim     FFFF) =  0% CS
0 '      vectit'   byte from     8000 to     807F (lim     807F) =100% S
0 '      periph'   byte from        0 to FFFFFFFF (lim       7F) =  0% V
0 '     periph2'   byte from     5000 to     7F76 (lim FFFFFFFF) =  0% D



External Label list
-------------------

Symbol Name                       Value     Scope  Def(line)

AWU_CSR                               50F0  WORD  c:\program files (x86)\stmicroelectronics\st_toolset\asm\include\STM8S105C_S.asm(127)
AWU_APR                               50F1  WORD  c:\program files (x86)\stmicroelectronics\st_toolset\asm\include\STM8S105C_S.asm(128)
AWU_TBR                               50F2  WORD  c:\program files (x86)\stmicroelectronics\st_toolset\asm\include\STM8S105C_S.asm(129)
ADC_DB0RH                             53E0  WORD  c:\program files (x86)\stmicroelectronics\st_toolset\asm\include\STM8S105C_S.asm(278)
ADC_DB0RL                             53E1  WORD  c:\program files (x86)\stmicroelectronics\st_toolset\asm\include\STM8S105C_S.asm(279)
ADC_DB1RH                             53E2  WORD  c:\program files (x86)\stmicroelectronics\st_toolset\asm\include\STM8S105C_S.asm(280)
ADC_DB1RL                             53E3  WORD  c:\program files (x86)\stmicroelectronics\st_toolset\asm\include\STM8S105C_S.asm(281)
ADC_DB2RH                             53E4  WORD  c:\program files (x86)\stmicroelectronics\st_toolset\asm\include\STM8S105C_S.asm(282)
ADC_DB2RL                             53E5  WORD  c:\program files (x86)\stmicroelectronics\st_toolset\asm\include\STM8S105C_S.asm(283)
ADC_DB3RH                             53E6  WORD  c:\program files (x86)\stmicroelectronics\st_toolset\asm\include\STM8S105C_S.asm(284)
ADC_DB3RL                             53E7  WORD  c:\program files (x86)\stmicroelectronics\st_toolset\asm\include\STM8S105C_S.asm(285)
ADC_DB4RH                             53E8  WORD  c:\program files (x86)\stmicroelectronics\st_toolset\asm\include\STM8S105C_S.asm(286)
ADC_DB4RL                             53E9  WORD  c:\program files (x86)\stmicroelectronics\st_toolset\asm\include\STM8S105C_S.asm(287)
ADC_DB5RH                             53EA  WORD  c:\program files (x86)\stmicroelectronics\st_toolset\asm\include\STM8S105C_S.asm(288)
ADC_DB5RL                             53EB  WORD  c:\program files (x86)\stmicroelectronics\st_toolset\asm\include\STM8S105C_S.asm(289)
ADC_DB6RH                             53EC  WORD  c:\program files (x86)\stmicroelectronics\st_toolset\asm\include\STM8S105C_S.asm(290)
ADC_DB6RL                             53ED  WORD  c:\program files (x86)\stmicroelectronics\st_toolset\asm\include\STM8S105C_S.asm(291)
ADC_DB7RH                             53EE  WORD  c:\program files (x86)\stmicroelectronics\st_toolset\asm\include\STM8S105C_S.asm(292)
ADC_DB7RL                             53EF  WORD  c:\program files (x86)\stmicroelectronics\st_toolset\asm\include\STM8S105C_S.asm(293)
ADC_DB8RH                             53F0  WORD  c:\program files (x86)\stmicroelectronics\st_toolset\asm\include\STM8S105C_S.asm(294)
ADC_DB8RL                             53F1  WORD  c:\program files (x86)\stmicroelectronics\st_toolset\asm\include\STM8S105C_S.asm(295)
ADC_DB9RH                             53F2  WORD  c:\program files (x86)\stmicroelectronics\st_toolset\asm\include\STM8S105C_S.asm(296)
ADC_DB9RL                             53F3  WORD  c:\program files (x86)\stmicroelectronics\st_toolset\asm\include\STM8S105C_S.asm(297)
ADC_CSR                               5400  WORD  c:\program files (x86)\stmicroelectronics\st_toolset\asm\include\STM8S105C_S.asm(299)
ADC_CR1                               5401  WORD  c:\program files (x86)\stmicroelectronics\st_toolset\asm\include\STM8S105C_S.asm(300)
ADC_CR2                               5402  WORD  c:\program files (x86)\stmicroelectronics\st_toolset\asm\include\STM8S105C_S.asm(301)
ADC_CR3                               5403  WORD  c:\program files (x86)\stmicroelectronics\st_toolset\asm\include\STM8S105C_S.asm(302)
ADC_DRH                               5404  WORD  c:\program files (x86)\stmicroelectronics\st_toolset\asm\include\STM8S105C_S.asm(303)
ADC_DRL                               5405  WORD  c:\program files (x86)\stmicroelectronics\st_toolset\asm\include\STM8S105C_S.asm(304)
ADC_TDRH                              5406  WORD  c:\program files (x86)\stmicroelectronics\st_toolset\asm\include\STM8S105C_S.asm(305)
ADC_TDRL                              5407  WORD  c:\program files (x86)\stmicroelectronics\st_toolset\asm\include\STM8S105C_S.asm(306)
ADC_HTRH                              5408  WORD  c:\program files (x86)\stmicroelectronics\st_toolset\asm\include\STM8S105C_S.asm(307)
ADC_HTRL                              5409  WORD  c:\program files (x86)\stmicroelectronics\st_toolset\asm\include\STM8S105C_S.asm(308)
ADC_LTRH                              540A  WORD  c:\program files (x86)\stmicroelectronics\st_toolset\asm\include\STM8S105C_S.asm(309)
ADC_LTRL                              540B  WORD  c:\program files (x86)\stmicroelectronics\st_toolset\asm\include\STM8S105C_S.asm(310)
ADC_AWSRH                             540C  WORD  c:\program files (x86)\stmicroelectronics\st_toolset\asm\include\STM8S105C_S.asm(311)
ADC_AWSRL                             540D  WORD  c:\program files (x86)\stmicroelectronics\st_toolset\asm\include\STM8S105C_S.asm(312)
ADC_AWCRH                             540E  WORD  c:\program files (x86)\stmicroelectronics\st_toolset\asm\include\STM8S105C_S.asm(313)
ADC_AWCRL                             540F  WORD  c:\program files (x86)\stmicroelectronics\st_toolset\asm\include\STM8S105C_S.asm(314)

BEEP_CSR                              50F3  WORD  c:\program files (x86)\stmicroelectronics\st_toolset\asm\include\STM8S105C_S.asm(133)

CLK_ICKR                              50C0  WORD  c:\program files (x86)\stmicroelectronics\st_toolset\asm\include\STM8S105C_S.asm(96)
CLK_ECKR                              50C1  WORD  c:\program files (x86)\stmicroelectronics\st_toolset\asm\include\STM8S105C_S.asm(97)
CLK_CMSR                              50C3  WORD  c:\program files (x86)\stmicroelectronics\st_toolset\asm\include\STM8S105C_S.asm(99)
CLK_SWR                               50C4  WORD  c:\program files (x86)\stmicroelectronics\st_toolset\asm\include\STM8S105C_S.asm(100)
CLK_SWCR                              50C5  WORD  c:\program files (x86)\stmicroelectronics\st_toolset\asm\include\STM8S105C_S.asm(101)
CLK_CKDIVR                            50C6  WORD  c:\program files (x86)\stmicroelectronics\st_toolset\asm\include\STM8S105C_S.asm(102)
CLK_PCKENR1                           50C7  WORD  c:\program files (x86)\stmicroelectronics\st_toolset\asm\include\STM8S105C_S.asm(103)
CLK_CSSR                              50C8  WORD  c:\program files (x86)\stmicroelectronics\st_toolset\asm\include\STM8S105C_S.asm(104)
CLK_CCOR                              50C9  WORD  c:\program files (x86)\stmicroelectronics\st_toolset\asm\include\STM8S105C_S.asm(105)
CLK_PCKENR2                           50CA  WORD  c:\program files (x86)\stmicroelectronics\st_toolset\asm\include\STM8S105C_S.asm(106)
CLK_CANCCR                            50CB  WORD  c:\program files (x86)\stmicroelectronics\st_toolset\asm\include\STM8S105C_S.asm(107)
CLK_HSITRIMR                          50CC  WORD  c:\program files (x86)\stmicroelectronics\st_toolset\asm\include\STM8S105C_S.asm(108)
CLK_SWIMCCR                           50CD  WORD  c:\program files (x86)\stmicroelectronics\st_toolset\asm\include\STM8S105C_S.asm(109)
CFG_GCR                               7F60  WORD  c:\program files (x86)\stmicroelectronics\st_toolset\asm\include\STM8S105C_S.asm(319)

EXTI_CR1                              50A0  WORD  c:\program files (x86)\stmicroelectronics\st_toolset\asm\include\STM8S105C_S.asm(85)
EXTI_CR2                              50A1  WORD  c:\program files (x86)\stmicroelectronics\st_toolset\asm\include\STM8S105C_S.asm(86)

FLASH_CR1                             505A  WORD  c:\program files (x86)\stmicroelectronics\st_toolset\asm\include\STM8S105C_S.asm(71)
FLASH_CR2                             505B  WORD  c:\program files (x86)\stmicroelectronics\st_toolset\asm\include\STM8S105C_S.asm(72)
FLASH_NCR2                            505C  WORD  c:\program files (x86)\stmicroelectronics\st_toolset\asm\include\STM8S105C_S.asm(73)
FLASH_FPR                             505D  WORD  c:\program files (x86)\stmicroelectronics\st_toolset\asm\include\STM8S105C_S.asm(74)
FLASH_NFPR                            505E  WORD  c:\program files (x86)\stmicroelectronics\st_toolset\asm\include\STM8S105C_S.asm(75)
FLASH_IAPSR                           505F  WORD  c:\program files (x86)\stmicroelectronics\st_toolset\asm\include\STM8S105C_S.asm(76)
FLASH_PUKR                            5062  WORD  c:\program files (x86)\stmicroelectronics\st_toolset\asm\include\STM8S105C_S.asm(78)
FLASH_DUKR                            5064  WORD  c:\program files (x86)\stmicroelectronics\st_toolset\asm\include\STM8S105C_S.asm(80)

IWDG_KR                               50E0  WORD  c:\program files (x86)\stmicroelectronics\st_toolset\asm\include\STM8S105C_S.asm(120)
IWDG_PR                               50E1  WORD  c:\program files (x86)\stmicroelectronics\st_toolset\asm\include\STM8S105C_S.asm(121)
IWDG_RLR                              50E2  WORD  c:\program files (x86)\stmicroelectronics\st_toolset\asm\include\STM8S105C_S.asm(122)
I2C_CR1                               5210  WORD  c:\program files (x86)\stmicroelectronics\st_toolset\asm\include\STM8S105C_S.asm(150)
I2C_CR2                               5211  WORD  c:\program files (x86)\stmicroelectronics\st_toolset\asm\include\STM8S105C_S.asm(151)
I2C_FREQR                             5212  WORD  c:\program files (x86)\stmicroelectronics\st_toolset\asm\include\STM8S105C_S.asm(152)
I2C_OARL                              5213  WORD  c:\program files (x86)\stmicroelectronics\st_toolset\asm\include\STM8S105C_S.asm(153)
I2C_OARH                              5214  WORD  c:\program files (x86)\stmicroelectronics\st_toolset\asm\include\STM8S105C_S.asm(154)
I2C_DR                                5216  WORD  c:\program files (x86)\stmicroelectronics\st_toolset\asm\include\STM8S105C_S.asm(156)
I2C_SR1                               5217  WORD  c:\program files (x86)\stmicroelectronics\st_toolset\asm\include\STM8S105C_S.asm(157)
I2C_SR2                               5218  WORD  c:\program files (x86)\stmicroelectronics\st_toolset\asm\include\STM8S105C_S.asm(158)
I2C_SR3                               5219  WORD  c:\program files (x86)\stmicroelectronics\st_toolset\asm\include\STM8S105C_S.asm(159)
I2C_ITR                               521A  WORD  c:\program files (x86)\stmicroelectronics\st_toolset\asm\include\STM8S105C_S.asm(160)
I2C_CCRL                              521B  WORD  c:\program files (x86)\stmicroelectronics\st_toolset\asm\include\STM8S105C_S.asm(161)
I2C_CCRH                              521C  WORD  c:\program files (x86)\stmicroelectronics\st_toolset\asm\include\STM8S105C_S.asm(162)
I2C_TRISER                            521D  WORD  c:\program files (x86)\stmicroelectronics\st_toolset\asm\include\STM8S105C_S.asm(163)
I2C_PECR                              521E  WORD  c:\program files (x86)\stmicroelectronics\st_toolset\asm\include\STM8S105C_S.asm(164)
ITC_SPR1                              7F70  WORD  c:\program files (x86)\stmicroelectronics\st_toolset\asm\include\STM8S105C_S.asm(324)
ITC_SPR2                              7F71  WORD  c:\program files (x86)\stmicroelectronics\st_toolset\asm\include\STM8S105C_S.asm(325)
ITC_SPR3                              7F72  WORD  c:\program files (x86)\stmicroelectronics\st_toolset\asm\include\STM8S105C_S.asm(326)
ITC_SPR4                              7F73  WORD  c:\program files (x86)\stmicroelectronics\st_toolset\asm\include\STM8S105C_S.asm(327)
ITC_SPR5                              7F74  WORD  c:\program files (x86)\stmicroelectronics\st_toolset\asm\include\STM8S105C_S.asm(328)
ITC_SPR6                              7F75  WORD  c:\program files (x86)\stmicroelectronics\st_toolset\asm\include\STM8S105C_S.asm(329)
ITC_SPR7                              7F76  WORD  c:\program files (x86)\stmicroelectronics\st_toolset\asm\include\STM8S105C_S.asm(330)

PA_ODR                                5000  WORD  c:\program files (x86)\stmicroelectronics\st_toolset\asm\include\STM8S105C_S.asm(21)
PA_IDR                                5001  WORD  c:\program files (x86)\stmicroelectronics\st_toolset\asm\include\STM8S105C_S.asm(22)
PA_DDR                                5002  WORD  c:\program files (x86)\stmicroelectronics\st_toolset\asm\include\STM8S105C_S.asm(23)
PA_CR1                                5003  WORD  c:\program files (x86)\stmicroelectronics\st_toolset\asm\include\STM8S105C_S.asm(24)
PA_CR2                                5004  WORD  c:\program files (x86)\stmicroelectronics\st_toolset\asm\include\STM8S105C_S.asm(25)
PB_ODR                                5005  WORD  c:\program files (x86)\stmicroelectronics\st_toolset\asm\include\STM8S105C_S.asm(29)
PB_IDR                                5006  WORD  c:\program files (x86)\stmicroelectronics\st_toolset\asm\include\STM8S105C_S.asm(30)
PB_DDR                                5007  WORD  c:\program files (x86)\stmicroelectronics\st_toolset\asm\include\STM8S105C_S.asm(31)
PB_CR1                                5008  WORD  c:\program files (x86)\stmicroelectronics\st_toolset\asm\include\STM8S105C_S.asm(32)
PB_CR2                                5009  WORD  c:\program files (x86)\stmicroelectronics\st_toolset\asm\include\STM8S105C_S.asm(33)
PC_ODR                                500A  WORD  c:\program files (x86)\stmicroelectronics\st_toolset\asm\include\STM8S105C_S.asm(37)
PC_IDR                                500B  WORD  c:\program files (x86)\stmicroelectronics\st_toolset\asm\include\STM8S105C_S.asm(38)
PC_DDR                                500C  WORD  c:\program files (x86)\stmicroelectronics\st_toolset\asm\include\STM8S105C_S.asm(39)
PC_CR1                                500D  WORD  c:\program files (x86)\stmicroelectronics\st_toolset\asm\include\STM8S105C_S.asm(40)
PC_CR2                                500E  WORD  c:\program files (x86)\stmicroelectronics\st_toolset\asm\include\STM8S105C_S.asm(41)
PD_ODR                                500F  WORD  c:\program files (x86)\stmicroelectronics\st_toolset\asm\include\STM8S105C_S.asm(45)
PD_IDR                                5010  WORD  c:\program files (x86)\stmicroelectronics\st_toolset\asm\include\STM8S105C_S.asm(46)
PD_DDR                                5011  WORD  c:\program files (x86)\stmicroelectronics\st_toolset\asm\include\STM8S105C_S.asm(47)
PD_CR1                                5012  WORD  c:\program files (x86)\stmicroelectronics\st_toolset\asm\include\STM8S105C_S.asm(48)
PD_CR2                                5013  WORD  c:\program files (x86)\stmicroelectronics\st_toolset\asm\include\STM8S105C_S.asm(49)
PE_ODR                                5014  WORD  c:\program files (x86)\stmicroelectronics\st_toolset\asm\include\STM8S105C_S.asm(53)
PE_IDR                                5015  WORD  c:\program files (x86)\stmicroelectronics\st_toolset\asm\include\STM8S105C_S.asm(54)
PE_DDR                                5016  WORD  c:\program files (x86)\stmicroelectronics\st_toolset\asm\include\STM8S105C_S.asm(55)
PE_CR1                                5017  WORD  c:\program files (x86)\stmicroelectronics\st_toolset\asm\include\STM8S105C_S.asm(56)
PE_CR2                                5018  WORD  c:\program files (x86)\stmicroelectronics\st_toolset\asm\include\STM8S105C_S.asm(57)
PG_ODR                                501E  WORD  c:\program files (x86)\stmicroelectronics\st_toolset\asm\include\STM8S105C_S.asm(62)
PG_IDR                                501F  WORD  c:\program files (x86)\stmicroelectronics\st_toolset\asm\include\STM8S105C_S.asm(63)
PG_DDR                                5020  WORD  c:\program files (x86)\stmicroelectronics\st_toolset\asm\include\STM8S105C_S.asm(64)
PG_CR1                                5021  WORD  c:\program files (x86)\stmicroelectronics\st_toolset\asm\include\STM8S105C_S.asm(65)
PG_CR2                                5022  WORD  c:\program files (x86)\stmicroelectronics\st_toolset\asm\include\STM8S105C_S.asm(66)

RST_SR                                50B3  WORD  c:\program files (x86)\stmicroelectronics\st_toolset\asm\include\STM8S105C_S.asm(91)

SPI_CR1                               5200  WORD  c:\program files (x86)\stmicroelectronics\st_toolset\asm\include\STM8S105C_S.asm(138)
SPI_CR2                               5201  WORD  c:\program files (x86)\stmicroelectronics\st_toolset\asm\include\STM8S105C_S.asm(139)
SPI_ICR                               5202  WORD  c:\program files (x86)\stmicroelectronics\st_toolset\asm\include\STM8S105C_S.asm(140)
SPI_SR                                5203  WORD  c:\program files (x86)\stmicroelectronics\st_toolset\asm\include\STM8S105C_S.asm(141)
SPI_DR                                5204  WORD  c:\program files (x86)\stmicroelectronics\st_toolset\asm\include\STM8S105C_S.asm(142)
SPI_CRCPR                             5205  WORD  c:\program files (x86)\stmicroelectronics\st_toolset\asm\include\STM8S105C_S.asm(143)
SPI_RXCRCR                            5206  WORD  c:\program files (x86)\stmicroelectronics\st_toolset\asm\include\STM8S105C_S.asm(144)
SPI_TXCRCR                            5207  WORD  c:\program files (x86)\stmicroelectronics\st_toolset\asm\include\STM8S105C_S.asm(145)

TIM1_CR1                              5250  WORD  c:\program files (x86)\stmicroelectronics\st_toolset\asm\include\STM8S105C_S.asm(185)
TIM1_CR2                              5251  WORD  c:\program files (x86)\stmicroelectronics\st_toolset\asm\include\STM8S105C_S.asm(186)
TIM1_SMCR                             5252  WORD  c:\program files (x86)\stmicroelectronics\st_toolset\asm\include\STM8S105C_S.asm(187)
TIM1_ETR                              5253  WORD  c:\program files (x86)\stmicroelectronics\st_toolset\asm\include\STM8S105C_S.asm(188)
TIM1_IER                              5254  WORD  c:\program files (x86)\stmicroelectronics\st_toolset\asm\include\STM8S105C_S.asm(189)
TIM1_SR1                              5255  WORD  c:\program files (x86)\stmicroelectronics\st_toolset\asm\include\STM8S105C_S.asm(190)
TIM1_SR2                              5256  WORD  c:\program files (x86)\stmicroelectronics\st_toolset\asm\include\STM8S105C_S.asm(191)
TIM1_EGR                              5257  WORD  c:\program files (x86)\stmicroelectronics\st_toolset\asm\include\STM8S105C_S.asm(192)
TIM1_CCMR1                            5258  WORD  c:\program files (x86)\stmicroelectronics\st_toolset\asm\include\STM8S105C_S.asm(193)
TIM1_CCMR2                            5259  WORD  c:\program files (x86)\stmicroelectronics\st_toolset\asm\include\STM8S105C_S.asm(194)
TIM1_CCMR3                            525A  WORD  c:\program files (x86)\stmicroelectronics\st_toolset\asm\include\STM8S105C_S.asm(195)
TIM1_CCMR4                            525B  WORD  c:\program files (x86)\stmicroelectronics\st_toolset\asm\include\STM8S105C_S.asm(196)
TIM1_CCER1                            525C  WORD  c:\program files (x86)\stmicroelectronics\st_toolset\asm\include\STM8S105C_S.asm(197)
TIM1_CCER2                            525D  WORD  c:\program files (x86)\stmicroelectronics\st_toolset\asm\include\STM8S105C_S.asm(198)
TIM1_CNTRH                            525E  WORD  c:\program files (x86)\stmicroelectronics\st_toolset\asm\include\STM8S105C_S.asm(199)
TIM1_CNTRL                            525F  WORD  c:\program files (x86)\stmicroelectronics\st_toolset\asm\include\STM8S105C_S.asm(200)
TIM1_PSCRH                            5260  WORD  c:\program files (x86)\stmicroelectronics\st_toolset\asm\include\STM8S105C_S.asm(201)
TIM1_PSCRL                            5261  WORD  c:\program files (x86)\stmicroelectronics\st_toolset\asm\include\STM8S105C_S.asm(202)
TIM1_ARRH                             5262  WORD  c:\program files (x86)\stmicroelectronics\st_toolset\asm\include\STM8S105C_S.asm(203)
TIM1_ARRL                             5263  WORD  c:\program files (x86)\stmicroelectronics\st_toolset\asm\include\STM8S105C_S.asm(204)
TIM1_RCR                              5264  WORD  c:\program files (x86)\stmicroelectronics\st_toolset\asm\include\STM8S105C_S.asm(205)
TIM1_CCR1H                            5265  WORD  c:\program files (x86)\stmicroelectronics\st_toolset\asm\include\STM8S105C_S.asm(206)
TIM1_CCR1L                            5266  WORD  c:\program files (x86)\stmicroelectronics\st_toolset\asm\include\STM8S105C_S.asm(207)
TIM1_CCR2H                            5267  WORD  c:\program files (x86)\stmicroelectronics\st_toolset\asm\include\STM8S105C_S.asm(208)
TIM1_CCR2L                            5268  WORD  c:\program files (x86)\stmicroelectronics\st_toolset\asm\include\STM8S105C_S.asm(209)
TIM1_CCR3H                            5269  WORD  c:\program files (x86)\stmicroelectronics\st_toolset\asm\include\STM8S105C_S.asm(210)
TIM1_CCR3L                            526A  WORD  c:\program files (x86)\stmicroelectronics\st_toolset\asm\include\STM8S105C_S.asm(211)
TIM1_CCR4H                            526B  WORD  c:\program files (x86)\stmicroelectronics\st_toolset\asm\include\STM8S105C_S.asm(212)
TIM1_CCR4L                            526C  WORD  c:\program files (x86)\stmicroelectronics\st_toolset\asm\include\STM8S105C_S.asm(213)
TIM1_BKR                              526D  WORD  c:\program files (x86)\stmicroelectronics\st_toolset\asm\include\STM8S105C_S.asm(214)
TIM1_DTR                              526E  WORD  c:\program files (x86)\stmicroelectronics\st_toolset\asm\include\STM8S105C_S.asm(215)
TIM1_OISR                             526F  WORD  c:\program files (x86)\stmicroelectronics\st_toolset\asm\include\STM8S105C_S.asm(216)
TIM2_CR1                              5300  WORD  c:\program files (x86)\stmicroelectronics\st_toolset\asm\include\STM8S105C_S.asm(221)
TIM2_IER                              5301  WORD  c:\program files (x86)\stmicroelectronics\st_toolset\asm\include\STM8S105C_S.asm(222)
TIM2_SR1                              5302  WORD  c:\program files (x86)\stmicroelectronics\st_toolset\asm\include\STM8S105C_S.asm(223)
TIM2_SR2                              5303  WORD  c:\program files (x86)\stmicroelectronics\st_toolset\asm\include\STM8S105C_S.asm(224)
TIM2_EGR                              5304  WORD  c:\program files (x86)\stmicroelectronics\st_toolset\asm\include\STM8S105C_S.asm(225)
TIM2_CCMR1                            5305  WORD  c:\program files (x86)\stmicroelectronics\st_toolset\asm\include\STM8S105C_S.asm(226)
TIM2_CCMR2                            5306  WORD  c:\program files (x86)\stmicroelectronics\st_toolset\asm\include\STM8S105C_S.asm(227)
TIM2_CCMR3                            5307  WORD  c:\program files (x86)\stmicroelectronics\st_toolset\asm\include\STM8S105C_S.asm(228)
TIM2_CCER1                            5308  WORD  c:\program files (x86)\stmicroelectronics\st_toolset\asm\include\STM8S105C_S.asm(229)
TIM2_CCER2                            5309  WORD  c:\program files (x86)\stmicroelectronics\st_toolset\asm\include\STM8S105C_S.asm(230)
TIM2_CNTRH                            530A  WORD  c:\program files (x86)\stmicroelectronics\st_toolset\asm\include\STM8S105C_S.asm(231)
TIM2_CNTRL                            530B  WORD  c:\program files (x86)\stmicroelectronics\st_toolset\asm\include\STM8S105C_S.asm(232)
TIM2_PSCR                             530C  WORD  c:\program files (x86)\stmicroelectronics\st_toolset\asm\include\STM8S105C_S.asm(233)
TIM2_ARRH                             530D  WORD  c:\program files (x86)\stmicroelectronics\st_toolset\asm\include\STM8S105C_S.asm(234)
TIM2_ARRL                             530E  WORD  c:\program files (x86)\stmicroelectronics\st_toolset\asm\include\STM8S105C_S.asm(235)
TIM2_CCR1H                            530F  WORD  c:\program files (x86)\stmicroelectronics\st_toolset\asm\include\STM8S105C_S.asm(236)
TIM2_CCR1L                            5310  WORD  c:\program files (x86)\stmicroelectronics\st_toolset\asm\include\STM8S105C_S.asm(237)
TIM2_CCR2H                            5311  WORD  c:\program files (x86)\stmicroelectronics\st_toolset\asm\include\STM8S105C_S.asm(238)
TIM2_CCR2L                            5312  WORD  c:\program files (x86)\stmicroelectronics\st_toolset\asm\include\STM8S105C_S.asm(239)
TIM2_CCR3H                            5313  WORD  c:\program files (x86)\stmicroelectronics\st_toolset\asm\include\STM8S105C_S.asm(240)
TIM2_CCR3L                            5314  WORD  c:\program files (x86)\stmicroelectronics\st_toolset\asm\include\STM8S105C_S.asm(241)
TIM3_CR1                              5320  WORD  c:\program files (x86)\stmicroelectronics\st_toolset\asm\include\STM8S105C_S.asm(246)
TIM3_IER                              5321  WORD  c:\program files (x86)\stmicroelectronics\st_toolset\asm\include\STM8S105C_S.asm(247)
TIM3_SR1                              5322  WORD  c:\program files (x86)\stmicroelectronics\st_toolset\asm\include\STM8S105C_S.asm(248)
TIM3_SR2                              5323  WORD  c:\program files (x86)\stmicroelectronics\st_toolset\asm\include\STM8S105C_S.asm(249)
TIM3_EGR                              5324  WORD  c:\program files (x86)\stmicroelectronics\st_toolset\asm\include\STM8S105C_S.asm(250)
TIM3_CCMR1                            5325  WORD  c:\program files (x86)\stmicroelectronics\st_toolset\asm\include\STM8S105C_S.asm(251)
TIM3_CCMR2                            5326  WORD  c:\program files (x86)\stmicroelectronics\st_toolset\asm\include\STM8S105C_S.asm(252)
TIM3_CCER1                            5327  WORD  c:\program files (x86)\stmicroelectronics\st_toolset\asm\include\STM8S105C_S.asm(253)
TIM3_CNTRH                            5328  WORD  c:\program files (x86)\stmicroelectronics\st_toolset\asm\include\STM8S105C_S.asm(254)
TIM3_CNTRL                            5329  WORD  c:\program files (x86)\stmicroelectronics\st_toolset\asm\include\STM8S105C_S.asm(255)
TIM3_PSCR                             532A  WORD  c:\program files (x86)\stmicroelectronics\st_toolset\asm\include\STM8S105C_S.asm(256)
TIM3_ARRH                             532B  WORD  c:\program files (x86)\stmicroelectronics\st_toolset\asm\include\STM8S105C_S.asm(257)
TIM3_ARRL                             532C  WORD  c:\program files (x86)\stmicroelectronics\st_toolset\asm\include\STM8S105C_S.asm(258)
TIM3_CCR1H                            532D  WORD  c:\program files (x86)\stmicroelectronics\st_toolset\asm\include\STM8S105C_S.asm(259)
TIM3_CCR1L                            532E  WORD  c:\program files (x86)\stmicroelectronics\st_toolset\asm\include\STM8S105C_S.asm(260)
TIM3_CCR2H                            532F  WORD  c:\program files (x86)\stmicroelectronics\st_toolset\asm\include\STM8S105C_S.asm(261)
TIM3_CCR2L                            5330  WORD  c:\program files (x86)\stmicroelectronics\st_toolset\asm\include\STM8S105C_S.asm(262)
TIM4_CR1                              5340  WORD  c:\program files (x86)\stmicroelectronics\st_toolset\asm\include\STM8S105C_S.asm(267)
TIM4_IER                              5341  WORD  c:\program files (x86)\stmicroelectronics\st_toolset\asm\include\STM8S105C_S.asm(268)
TIM4_SR                               5342  WORD  c:\program files (x86)\stmicroelectronics\st_toolset\asm\include\STM8S105C_S.asm(269)
TIM4_EGR                              5343  WORD  c:\program files (x86)\stmicroelectronics\st_toolset\asm\include\STM8S105C_S.asm(270)
TIM4_CNTR                             5344  WORD  c:\program files (x86)\stmicroelectronics\st_toolset\asm\include\STM8S105C_S.asm(271)
TIM4_PSCR                             5345  WORD  c:\program files (x86)\stmicroelectronics\st_toolset\asm\include\STM8S105C_S.asm(272)
TIM4_ARR                              5346  WORD  c:\program files (x86)\stmicroelectronics\st_toolset\asm\include\STM8S105C_S.asm(273)

UART2_SR                              5240  WORD  c:\program files (x86)\stmicroelectronics\st_toolset\asm\include\STM8S105C_S.asm(169)
UART2_DR                              5241  WORD  c:\program files (x86)\stmicroelectronics\st_toolset\asm\include\STM8S105C_S.asm(170)
UART2_BRR1                            5242  WORD  c:\program files (x86)\stmicroelectronics\st_toolset\asm\include\STM8S105C_S.asm(171)
UART2_BRR2                            5243  WORD  c:\program files (x86)\stmicroelectronics\st_toolset\asm\include\STM8S105C_S.asm(172)
UART2_CR1                             5244  WORD  c:\program files (x86)\stmicroelectronics\st_toolset\asm\include\STM8S105C_S.asm(173)
UART2_CR2                             5245  WORD  c:\program files (x86)\stmicroelectronics\st_toolset\asm\include\STM8S105C_S.asm(174)
UART2_CR3                             5246  WORD  c:\program files (x86)\stmicroelectronics\st_toolset\asm\include\STM8S105C_S.asm(175)
UART2_CR4                             5247  WORD  c:\program files (x86)\stmicroelectronics\st_toolset\asm\include\STM8S105C_S.asm(176)
UART2_CR5                             5248  WORD  c:\program files (x86)\stmicroelectronics\st_toolset\asm\include\STM8S105C_S.asm(177)
UART2_CR6                             5249  WORD  c:\program files (x86)\stmicroelectronics\st_toolset\asm\include\STM8S105C_S.asm(178)
UART2_GTR                             524A  WORD  c:\program files (x86)\stmicroelectronics\st_toolset\asm\include\STM8S105C_S.asm(179)
UART2_PSCR                            524B  WORD  c:\program files (x86)\stmicroelectronics\st_toolset\asm\include\STM8S105C_S.asm(180)

WWDG_CR                               50D1  WORD  c:\program files (x86)\stmicroelectronics\st_toolset\asm\include\STM8S105C_S.asm(114)
WWDG_WR                               50D2  WORD  c:\program files (x86)\stmicroelectronics\st_toolset\asm\include\STM8S105C_S.asm(115)


218 labels
